Archive member included because of file (symbol)

c:/users/javier/documents/eclipse/plugins/fr.ac6.mcu.externaltools.arm-none.win32_1.2.0.201505291716/tools/compiler/bin/../lib/gcc/arm-none-eabi/4.9.3/../../../../arm-none-eabi/lib/armv7e-m/fpu\libc_nano.a(lib_a-exit.o)
                              c:/users/javier/documents/eclipse/plugins/fr.ac6.mcu.externaltools.arm-none.win32_1.2.0.201505291716/tools/compiler/bin/../lib/gcc/arm-none-eabi/4.9.3/../../../../arm-none-eabi/lib/armv7e-m/fpu/crt0.o (exit)
c:/users/javier/documents/eclipse/plugins/fr.ac6.mcu.externaltools.arm-none.win32_1.2.0.201505291716/tools/compiler/bin/../lib/gcc/arm-none-eabi/4.9.3/../../../../arm-none-eabi/lib/armv7e-m/fpu\libc_nano.a(lib_a-impure.o)
                              c:/users/javier/documents/eclipse/plugins/fr.ac6.mcu.externaltools.arm-none.win32_1.2.0.201505291716/tools/compiler/bin/../lib/gcc/arm-none-eabi/4.9.3/../../../../arm-none-eabi/lib/armv7e-m/fpu\libc_nano.a(lib_a-exit.o) (_global_impure_ptr)
c:/users/javier/documents/eclipse/plugins/fr.ac6.mcu.externaltools.arm-none.win32_1.2.0.201505291716/tools/compiler/bin/../lib/gcc/arm-none-eabi/4.9.3/../../../../arm-none-eabi/lib/armv7e-m/fpu\libc_nano.a(lib_a-init.o)
                              c:/users/javier/documents/eclipse/plugins/fr.ac6.mcu.externaltools.arm-none.win32_1.2.0.201505291716/tools/compiler/bin/../lib/gcc/arm-none-eabi/4.9.3/../../../../arm-none-eabi/lib/armv7e-m/fpu/crt0.o (__libc_init_array)
c:/users/javier/documents/eclipse/plugins/fr.ac6.mcu.externaltools.arm-none.win32_1.2.0.201505291716/tools/compiler/bin/../lib/gcc/arm-none-eabi/4.9.3/../../../../arm-none-eabi/lib/armv7e-m/fpu\libc_nano.a(lib_a-malloc.o)
                              ./Middlewares/FatFs/syscall.o (malloc)
c:/users/javier/documents/eclipse/plugins/fr.ac6.mcu.externaltools.arm-none.win32_1.2.0.201505291716/tools/compiler/bin/../lib/gcc/arm-none-eabi/4.9.3/../../../../arm-none-eabi/lib/armv7e-m/fpu\libc_nano.a(lib_a-memset.o)
                              c:/users/javier/documents/eclipse/plugins/fr.ac6.mcu.externaltools.arm-none.win32_1.2.0.201505291716/tools/compiler/bin/../lib/gcc/arm-none-eabi/4.9.3/../../../../arm-none-eabi/lib/armv7e-m/fpu/crt0.o (memset)
c:/users/javier/documents/eclipse/plugins/fr.ac6.mcu.externaltools.arm-none.win32_1.2.0.201505291716/tools/compiler/bin/../lib/gcc/arm-none-eabi/4.9.3/../../../../arm-none-eabi/lib/armv7e-m/fpu\libc_nano.a(lib_a-nano-freer.o)
                              c:/users/javier/documents/eclipse/plugins/fr.ac6.mcu.externaltools.arm-none.win32_1.2.0.201505291716/tools/compiler/bin/../lib/gcc/arm-none-eabi/4.9.3/../../../../arm-none-eabi/lib/armv7e-m/fpu\libc_nano.a(lib_a-malloc.o) (_free_r)
c:/users/javier/documents/eclipse/plugins/fr.ac6.mcu.externaltools.arm-none.win32_1.2.0.201505291716/tools/compiler/bin/../lib/gcc/arm-none-eabi/4.9.3/../../../../arm-none-eabi/lib/armv7e-m/fpu\libc_nano.a(lib_a-nano-mallocr.o)
                              c:/users/javier/documents/eclipse/plugins/fr.ac6.mcu.externaltools.arm-none.win32_1.2.0.201505291716/tools/compiler/bin/../lib/gcc/arm-none-eabi/4.9.3/../../../../arm-none-eabi/lib/armv7e-m/fpu\libc_nano.a(lib_a-malloc.o) (_malloc_r)
c:/users/javier/documents/eclipse/plugins/fr.ac6.mcu.externaltools.arm-none.win32_1.2.0.201505291716/tools/compiler/bin/../lib/gcc/arm-none-eabi/4.9.3/../../../../arm-none-eabi/lib/armv7e-m/fpu\libc_nano.a(lib_a-sbrkr.o)
                              c:/users/javier/documents/eclipse/plugins/fr.ac6.mcu.externaltools.arm-none.win32_1.2.0.201505291716/tools/compiler/bin/../lib/gcc/arm-none-eabi/4.9.3/../../../../arm-none-eabi/lib/armv7e-m/fpu\libc_nano.a(lib_a-nano-mallocr.o) (_sbrk_r)
c:/users/javier/documents/eclipse/plugins/fr.ac6.mcu.externaltools.arm-none.win32_1.2.0.201505291716/tools/compiler/bin/../lib/gcc/arm-none-eabi/4.9.3/../../../../arm-none-eabi/lib/armv7e-m/fpu\libc_nano.a(lib_a-reent.o)
                              c:/users/javier/documents/eclipse/plugins/fr.ac6.mcu.externaltools.arm-none.win32_1.2.0.201505291716/tools/compiler/bin/../lib/gcc/arm-none-eabi/4.9.3/../../../../arm-none-eabi/lib/armv7e-m/fpu\libc_nano.a(lib_a-sbrkr.o) (errno)
c:/users/javier/documents/eclipse/plugins/fr.ac6.mcu.externaltools.arm-none.win32_1.2.0.201505291716/tools/compiler/bin/../lib/gcc/arm-none-eabi/4.9.3/../../../../arm-none-eabi/lib/armv7e-m/fpu\libnosys.a(sbrk.o)
                              c:/users/javier/documents/eclipse/plugins/fr.ac6.mcu.externaltools.arm-none.win32_1.2.0.201505291716/tools/compiler/bin/../lib/gcc/arm-none-eabi/4.9.3/../../../../arm-none-eabi/lib/armv7e-m/fpu\libc_nano.a(lib_a-sbrkr.o) (_sbrk)
c:/users/javier/documents/eclipse/plugins/fr.ac6.mcu.externaltools.arm-none.win32_1.2.0.201505291716/tools/compiler/bin/../lib/gcc/arm-none-eabi/4.9.3/../../../../arm-none-eabi/lib/armv7e-m/fpu\libnosys.a(_exit.o)
[...]
Memory Configuration

Name             Origin             Length             Attributes
FLASH            0x08000000         0x00100000         xr
RAM              0x20000000         0x00020000         xrw
CCMRAM           0x10000000         0x00010000         rw
*default*        0x00000000         0xffffffff

Linker script and memory map

LOAD c:/users/javier/documents/eclipse/plugins/fr.ac6.mcu.externaltools.arm-none.win32_1.2.0.201505291716/tools/compiler/bin/../lib/gcc/arm-none-eabi/4.9.3/armv7e-m/fpu/crti.o
LOAD c:/users/javier/documents/eclipse/plugins/fr.ac6.mcu.externaltools.arm-none.win32_1.2.0.201505291716/tools/compiler/bin/../lib/gcc/arm-none-eabi/4.9.3/armv7e-m/fpu/crtbegin.o
LOAD c:/users/javier/documents/eclipse/plugins/fr.ac6.mcu.externaltools.arm-none.win32_1.2.0.201505291716/tools/compiler/bin/../lib/gcc/arm-none-eabi/4.9.3/../../../../arm-none-eabi/lib/armv7e-m/fpu/crt0.o
LOAD c:/users/javier/documents/eclipse/plugins/fr.ac6.mcu.externaltools.arm-none.win32_1.2.0.201505291716/tools/compiler/bin/../lib/gcc/arm-none-eabi/4.9.3/../../../../arm-none-eabi/lib/armv7e-m/fpu\libm.a
LOAD ./Middlewares/FatFs/ccsbcs.o
LOAD ./Middlewares/FatFs/diskio.o
LOAD ./Middlewares/FatFs/ff.o
LOAD ./Middlewares/FatFs/ff_gen_drv.o
LOAD ./Middlewares/FatFs/sd_diskio.o
LOAD ./Middlewares/FatFs/syscall.o
LOAD ./Drivers/STM32F4xx_HAL_Driver/stm32f4xx_hal.o
LOAD ./Drivers/STM32F4xx_HAL_Driver/stm32f4xx_hal_cortex.o
LOAD ./Drivers/STM32F4xx_HAL_Driver/stm32f4xx_hal_crc.o
LOAD ./Drivers/STM32F4xx_HAL_Driver/stm32f4xx_hal_dma.o
LOAD ./Drivers/STM32F4xx_HAL_Driver/stm32f4xx_hal_dma_ex.o
LOAD ./Drivers/STM32F4xx_HAL_Driver/stm32f4xx_hal_flash.o
LOAD ./Drivers/STM32F4xx_HAL_Driver/stm32f4xx_hal_flash_ex.o
LOAD ./Drivers/STM32F4xx_HAL_Driver/stm32f4xx_hal_flash_ramfunc.o
LOAD ./Drivers/STM32F4xx_HAL_Driver/stm32f4xx_hal_gpio.o
LOAD ./Drivers/STM32F4xx_HAL_Driver/stm32f4xx_hal_pwr.o
LOAD ./Drivers/STM32F4xx_HAL_Driver/stm32f4xx_hal_pwr_ex.o
LOAD ./Drivers/STM32F4xx_HAL_Driver/stm32f4xx_hal_rcc.o
LOAD ./Drivers/STM32F4xx_HAL_Driver/stm32f4xx_hal_rcc_ex.o
LOAD ./Drivers/STM32F4xx_HAL_Driver/stm32f4xx_hal_sd.o
LOAD ./Drivers/STM32F4xx_HAL_Driver/stm32f4xx_hal_tim.o
LOAD ./Drivers/STM32F4xx_HAL_Driver/stm32f4xx_hal_tim_ex.o
LOAD ./Drivers/STM32F4xx_HAL_Driver/stm32f4xx_ll_sdmmc.o
LOAD ./Drivers/CMSIS/system_stm32f4xx.o
LOAD ./Application/User/bsp_driver_sd.o
LOAD ./Application/User/crc.o
LOAD ./Application/User/dma.o
LOAD ./Application/User/fatfs.o
LOAD ./Application/User/gpio.o
LOAD ./Application/User/main.o
LOAD ./Application/User/sdio.o
LOAD ./Application/User/stm32f4xx_hal_msp.o
LOAD ./Application/User/stm32f4xx_it.o
LOAD ./Application/User/tim.o
LOAD ./Application/SW4STM32/startup_stm32f407xx.o
START GROUP
LOAD c:/users/javier/documents/eclipse/plugins/fr.ac6.mcu.externaltools.arm-none.win32_1.2.0.201505291716/tools/compiler/bin/../lib/gcc/arm-none-eabi/4.9.3/armv7e-m/fpu\libgcc.a
LOAD c:/users/javier/documents/eclipse/plugins/fr.ac6.mcu.externaltools.arm-none.win32_1.2.0.201505291716/tools/compiler/bin/../lib/gcc/arm-none-eabi/4.9.3/../../../../arm-none-eabi/lib/armv7e-m/fpu\libc_nano.a
END GROUP
START GROUP
LOAD c:/users/javier/documents/eclipse/plugins/fr.ac6.mcu.externaltools.arm-none.win32_1.2.0.201505291716/tools/compiler/bin/../lib/gcc/arm-none-eabi/4.9.3/armv7e-m/fpu\libgcc.a
LOAD c:/users/javier/documents/eclipse/plugins/fr.ac6.mcu.externaltools.arm-none.win32_1.2.0.201505291716/tools/compiler/bin/../lib/gcc/arm-none-eabi/4.9.3/../../../../arm-none-eabi/lib/armv7e-m/fpu\libc_nano.a
LOAD c:/users/javier/documents/eclipse/plugins/fr.ac6.mcu.externaltools.arm-none.win32_1.2.0.201505291716/tools/compiler/bin/../lib/gcc/arm-none-eabi/4.9.3/../../../../arm-none-eabi/lib/armv7e-m/fpu\libnosys.a
END GROUP
START GROUP
LOAD c:/users/javier/documents/eclipse/plugins/fr.ac6.mcu.externaltools.arm-none.win32_1.2.0.201505291716/tools/compiler/bin/../lib/gcc/arm-none-eabi/4.9.3/armv7e-m/fpu\libgcc.a
LOAD c:/users/javier/documents/eclipse/plugins/fr.ac6.mcu.externaltools.arm-none.win32_1.2.0.201505291716/tools/compiler/bin/../lib/gcc/arm-none-eabi/4.9.3/../../../../arm-none-eabi/lib/armv7e-m/fpu\libc_nano.a
LOAD c:/users/javier/documents/eclipse/plugins/fr.ac6.mcu.externaltools.arm-none.win32_1.2.0.201505291716/tools/compiler/bin/../lib/gcc/arm-none-eabi/4.9.3/../../../../arm-none-eabi/lib/armv7e-m/fpu\libnosys.a
END GROUP
LOAD c:/users/javier/documents/eclipse/plugins/fr.ac6.mcu.externaltools.arm-none.win32_1.2.0.201505291716/tools/compiler/bin/../lib/gcc/arm-none-eabi/4.9.3/armv7e-m/fpu/crtend.o
LOAD c:/users/javier/documents/eclipse/plugins/fr.ac6.mcu.externaltools.arm-none.win32_1.2.0.201505291716/tools/compiler/bin/../lib/gcc/arm-none-eabi/4.9.3/armv7e-m/fpu/crtn.o
                0x20020000                _estack = 0x20020000
                0x00000000                _Min_Heap_Size = 0x0
                0x00000000                _Min_Stack_Size = 0x0

.isr_vector     0x08000000      0x188
                0x08000000                . = ALIGN (0x4)
 *(.isr_vector)
 .isr_vector    0x08000000      0x188 ./Application/SW4STM32/startup_stm32f407xx.o
                0x08000000                g_pfnVectors
                0x08000188                . = ALIGN (0x4)

.text           0x08000188     0x3154
                0x08000188                . = ALIGN (0x4)
 *(.text)
 .text          0x08000188       0x5c c:/users/javier/documents/eclipse/plugins/fr.ac6.mcu.externaltools.arm-none.win32_1.2.0.201505291716/tools/compiler/bin/../lib/gcc/arm-none-eabi/4.9.3/armv7e-m/fpu/crtbegin.o
 *(.text*)
 .text.FATFS_LinkDriver
                0x080001e4       0x40 ./Middlewares/FatFs/ff_gen_drv.o
                0x080001e4                FATFS_LinkDriver
 .text.SD_initialize
                0x08000224       0x20 ./Middlewares/FatFs/sd_diskio.o
                0x08000224                SD_initialize
 .text.SD_status
                0x08000244       0x20 ./Middlewares/FatFs/sd_diskio.o
                0x08000244                SD_status
 .text.SD_read  0x08000264       0x1e ./Middlewares/FatFs/sd_diskio.o
                0x08000264                SD_read
 .text.SD_write
                0x08000282       0x1e ./Middlewares/FatFs/sd_diskio.o
                0x08000282                SD_write
 .text.SD_ioctl
                0x080002a0       0x54 ./Middlewares/FatFs/sd_diskio.o
                0x080002a0                SD_ioctl
 .text.HAL_InitTick
                0x080002f4       0x24 ./Drivers/STM32F4xx_HAL_Driver/stm32f4xx_hal.o
                0x080002f4                HAL_InitTick
 .text.HAL_Init
                0x08000318       0x34 ./Drivers/STM32F4xx_HAL_Driver/stm32f4xx_hal.o
                0x08000318                HAL_Init
 .text.HAL_IncTick
                0x0800034c       0x10 ./Drivers/STM32F4xx_HAL_Driver/stm32f4xx_hal.o
                0x0800034c                HAL_IncTick
 .text.HAL_GetTick
                0x0800035c        0xc ./Drivers/STM32F4xx_HAL_Driver/stm32f4xx_hal.o
                0x0800035c                HAL_GetTick
 .text.HAL_Delay
                0x08000368       0x1a ./Drivers/STM32F4xx_HAL_Driver/stm32f4xx_hal.o
                0x08000368                HAL_Delay
 *fill*         0x08000382        0x2 
 .text.HAL_NVIC_SetPriorityGrouping
                0x08000384       0x24 ./Drivers/STM32F4xx_HAL_Driver/stm32f4xx_hal_cortex.o
                0x08000384                HAL_NVIC_SetPriorityGrouping
 .text.HAL_NVIC_SetPriority
                0x080003a8       0x60 ./Drivers/STM32F4xx_HAL_Driver/stm32f4xx_hal_cortex.o
                0x080003a8                HAL_NVIC_SetPriority
 .text.HAL_NVIC_EnableIRQ
                0x08000408       0x18 ./Drivers/STM32F4xx_HAL_Driver/stm32f4xx_hal_cortex.o
                0x08000408                HAL_NVIC_EnableIRQ
 .text.HAL_SYSTICK_Config
                0x08000420       0x2c ./Drivers/STM32F4xx_HAL_Driver/stm32f4xx_hal_cortex.o
                0x08000420                HAL_SYSTICK_Config
 .text.HAL_SYSTICK_CLKSourceConfig
                0x0800044c       0x18 ./Drivers/STM32F4xx_HAL_Driver/stm32f4xx_hal_cortex.o
                0x0800044c                HAL_SYSTICK_CLKSourceConfig
 .text.HAL_SYSTICK_Callback
                0x08000464        0x2 ./Drivers/STM32F4xx_HAL_Driver/stm32f4xx_hal_cortex.o
                0x08000464                HAL_SYSTICK_Callback
 .text.HAL_SYSTICK_IRQHandler
                0x08000466        0x8 ./Drivers/STM32F4xx_HAL_Driver/stm32f4xx_hal_cortex.o
                0x08000466                HAL_SYSTICK_IRQHandler
 .text.HAL_CRC_Init
                0x0800046e       0x24 ./Drivers/STM32F4xx_HAL_Driver/stm32f4xx_hal_crc.o
                0x0800046e                HAL_CRC_Init
 *fill*         0x08000492        0x2 
 .text.HAL_DMA_Init
                0x08000494       0x70 ./Drivers/STM32F4xx_HAL_Driver/stm32f4xx_hal_dma.o
                0x08000494                HAL_DMA_Init
 .text.HAL_DMA_IRQHandler
                0x08000504      0xa18 ./Drivers/STM32F4xx_HAL_Driver/stm32f4xx_hal_dma.o
                0x08000504                HAL_DMA_IRQHandler
 .text.HAL_GPIO_Init
                0x08000f1c      0x1c8 ./Drivers/STM32F4xx_HAL_Driver/stm32f4xx_hal_gpio.o
                0x08000f1c                HAL_GPIO_Init
 .text.HAL_GPIO_WritePin
                0x080010e4        0x8 ./Drivers/STM32F4xx_HAL_Driver/stm32f4xx_hal_gpio.o
                0x080010e4                HAL_GPIO_WritePin
 .text.HAL_RCC_OscConfig
                0x080010ec      0x320 ./Drivers/STM32F4xx_HAL_Driver/stm32f4xx_hal_rcc.o
                0x080010ec                HAL_RCC_OscConfig
 .text.HAL_RCC_ClockConfig
                0x0800140c      0x208 ./Drivers/STM32F4xx_HAL_Driver/stm32f4xx_hal_rcc.o
                0x0800140c                HAL_RCC_ClockConfig
 .text.HAL_RCC_MCOConfig
                0x08001614       0x90 ./Drivers/STM32F4xx_HAL_Driver/stm32f4xx_hal_rcc.o
                0x08001614                HAL_RCC_MCOConfig
 .text.HAL_RCC_GetSysClockFreq
                0x080016a4       0x84 ./Drivers/STM32F4xx_HAL_Driver/stm32f4xx_hal_rcc.o
                0x080016a4                HAL_RCC_GetSysClockFreq
 .text.HAL_RCC_GetHCLKFreq
                0x08001728       0x38 ./Drivers/STM32F4xx_HAL_Driver/stm32f4xx_hal_rcc.o
                0x08001728                HAL_RCC_GetHCLKFreq
 .text.SD_CmdResp2Error
                0x08001760       0x2c ./Drivers/STM32F4xx_HAL_Driver/stm32f4xx_hal_sd.o
 .text.SD_IsCardProgramming
                0x0800178c      0x144 ./Drivers/STM32F4xx_HAL_Driver/stm32f4xx_hal_sd.o
 .text.SD_CmdResp1Error
                0x080018d0       0xec ./Drivers/STM32F4xx_HAL_Driver/stm32f4xx_hal_sd.o
 .text.SD_FindSCR
                0x080019bc       0xfe ./Drivers/STM32F4xx_HAL_Driver/stm32f4xx_hal_sd.o
 .text.HAL_SD_Get_CardInfo
                0x08001aba      0x28e ./Drivers/STM32F4xx_HAL_Driver/stm32f4xx_hal_sd.o
                0x08001aba                HAL_SD_Get_CardInfo
 .text.HAL_SD_Init
                0x08001d48      0x388 ./Drivers/STM32F4xx_HAL_Driver/stm32f4xx_hal_sd.o
                0x08001d48                HAL_SD_Init
 .text.HAL_SD_WideBusOperation_Config
                0x080020d0      0x12c ./Drivers/STM32F4xx_HAL_Driver/stm32f4xx_hal_sd.o
                0x080020d0                HAL_SD_WideBusOperation_Config
 .text.HAL_SD_StopTransfer
                0x080021fc       0x2e ./Drivers/STM32F4xx_HAL_Driver/stm32f4xx_hal_sd.o
                0x080021fc                HAL_SD_StopTransfer
 .text.HAL_SD_ReadBlocks
                0x0800222a      0x182 ./Drivers/STM32F4xx_HAL_Driver/stm32f4xx_hal_sd.o
                0x0800222a                HAL_SD_ReadBlocks
 .text.HAL_SD_WriteBlocks
                0x080023ac      0x1ec ./Drivers/STM32F4xx_HAL_Driver/stm32f4xx_hal_sd.o
                0x080023ac                HAL_SD_WriteBlocks
 .text.HAL_SD_GetStatus
                0x08002598       0x46 ./Drivers/STM32F4xx_HAL_Driver/stm32f4xx_hal_sd.o
                0x08002598                HAL_SD_GetStatus
 *fill*         0x080025de        0x2 
 .text.TIM_OC1_SetConfig
                0x080025e0       0x58 ./Drivers/STM32F4xx_HAL_Driver/stm32f4xx_hal_tim.o
 .text.TIM_OC3_SetConfig
                0x08002638       0x60 ./Drivers/STM32F4xx_HAL_Driver/stm32f4xx_hal_tim.o
 .text.TIM_OC4_SetConfig
                0x08002698       0x50 ./Drivers/STM32F4xx_HAL_Driver/stm32f4xx_hal_tim.o
 .text.HAL_TIM_OC_MspInit
                0x080026e8        0x2 ./Drivers/STM32F4xx_HAL_Driver/stm32f4xx_hal_tim.o
                0x080026e8                HAL_TIM_OC_MspInit
 .text.HAL_TIM_ConfigClockSource
                0x080026ea      0x174 ./Drivers/STM32F4xx_HAL_Driver/stm32f4xx_hal_tim.o
                0x080026ea                HAL_TIM_ConfigClockSource
 *fill*         0x0800285e        0x2 
 .text.TIM_Base_SetConfig
                0x08002860       0xc8 ./Drivers/STM32F4xx_HAL_Driver/stm32f4xx_hal_tim.o
                0x08002860                TIM_Base_SetConfig
 .text.HAL_TIM_Base_Init
                0x08002928       0x34 ./Drivers/STM32F4xx_HAL_Driver/stm32f4xx_hal_tim.o
                0x08002928                HAL_TIM_Base_Init
 .text.HAL_TIM_OC_Init
                0x0800295c       0x34 ./Drivers/STM32F4xx_HAL_Driver/stm32f4xx_hal_tim.o
                0x0800295c                HAL_TIM_OC_Init
 .text.TIM_OC2_SetConfig
                0x08002990       0x64 ./Drivers/STM32F4xx_HAL_Driver/stm32f4xx_hal_tim.o
                0x08002990                TIM_OC2_SetConfig
 .text.HAL_TIM_OC_ConfigChannel
                0x080029f4       0x5c ./Drivers/STM32F4xx_HAL_Driver/stm32f4xx_hal_tim.o
                0x080029f4                HAL_TIM_OC_ConfigChannel
 .text.HAL_TIMEx_MasterConfigSynchronization
                0x08002a50       0x44 ./Drivers/STM32F4xx_HAL_Driver/stm32f4xx_hal_tim_ex.o
                0x08002a50                HAL_TIMEx_MasterConfigSynchronization
 .text.SDIO_Init
                0x08002a94       0x38 ./Drivers/STM32F4xx_HAL_Driver/stm32f4xx_ll_sdmmc.o
                0x08002a94                SDIO_Init
 .text.SDIO_ReadFIFO
                0x08002acc        0x6 ./Drivers/STM32F4xx_HAL_Driver/stm32f4xx_ll_sdmmc.o
                0x08002acc                SDIO_ReadFIFO
 .text.SDIO_WriteFIFO
                0x08002ad2        0xa ./Drivers/STM32F4xx_HAL_Driver/stm32f4xx_ll_sdmmc.o
                0x08002ad2                SDIO_WriteFIFO
 .text.SDIO_PowerState_ON
                0x08002adc        0x8 ./Drivers/STM32F4xx_HAL_Driver/stm32f4xx_ll_sdmmc.o
                0x08002adc                SDIO_PowerState_ON
 .text.SDIO_GetPowerState
                0x08002ae4        0x8 ./Drivers/STM32F4xx_HAL_Driver/stm32f4xx_ll_sdmmc.o
                0x08002ae4                SDIO_GetPowerState
 .text.SDIO_SendCommand
                0x08002aec       0x26 ./Drivers/STM32F4xx_HAL_Driver/stm32f4xx_ll_sdmmc.o
                0x08002aec                SDIO_SendCommand
 .text.SDIO_GetCommandResponse
                0x08002b12        0x6 ./Drivers/STM32F4xx_HAL_Driver/stm32f4xx_ll_sdmmc.o
                0x08002b12                SDIO_GetCommandResponse
 .text.SDIO_GetResponse
                0x08002b18       0x18 ./Drivers/STM32F4xx_HAL_Driver/stm32f4xx_ll_sdmmc.o
                0x08002b18                SDIO_GetResponse
 .text.SDIO_DataConfig
                0x08002b30       0x26 ./Drivers/STM32F4xx_HAL_Driver/stm32f4xx_ll_sdmmc.o
                0x08002b30                SDIO_DataConfig
 *fill*         0x08002b56        0x2 
 .text.SystemInit
                0x08002b58       0x4c ./Drivers/CMSIS/system_stm32f4xx.o
                0x08002b58                SystemInit
 .text.BSP_SD_Init
                0x08002ba4       0x38 ./Application/User/bsp_driver_sd.o
                0x08002ba4                BSP_SD_Init
 .text.BSP_SD_ReadBlocks
                0x08002bdc       0x24 ./Application/User/bsp_driver_sd.o
                0x08002bdc                BSP_SD_ReadBlocks
 .text.BSP_SD_WriteBlocks
                0x08002c00       0x24 ./Application/User/bsp_driver_sd.o
                0x08002c00                BSP_SD_WriteBlocks
 .text.BSP_SD_GetStatus
                0x08002c24        0xc ./Application/User/bsp_driver_sd.o
                0x08002c24                BSP_SD_GetStatus
 .text.BSP_SD_GetCardInfo
                0x08002c30        0xc ./Application/User/bsp_driver_sd.o
                0x08002c30                BSP_SD_GetCardInfo
 .text.MX_CRC_Init
                0x08002c3c       0x14 ./Application/User/crc.o
                0x08002c3c                MX_CRC_Init
 .text.HAL_CRC_MspInit
                0x08002c50       0x2c ./Application/User/crc.o
                0x08002c50                HAL_CRC_MspInit
 .text.MX_DMA_Init
                0x08002c7c       0x40 ./Application/User/dma.o
                0x08002c7c                MX_DMA_Init
 .text.MX_FATFS_Init
                0x08002cbc       0x1c ./Application/User/fatfs.o
                0x08002cbc                MX_FATFS_Init
 .text.MX_GPIO_Init
                0x08002cd8      0x22c ./Application/User/gpio.o
                0x08002cd8                MX_GPIO_Init
 .text.SystemClock_Config
                0x08002f04       0xa4 ./Application/User/main.o
                0x08002f04                SystemClock_Config
 .text.startup.main
                0x08002fa8       0x44 ./Application/User/main.o
                0x08002fa8                main
 .text.MX_SDIO_SD_Init
                0x08002fec       0x20 ./Application/User/sdio.o
                0x08002fec                MX_SDIO_SD_Init
 .text.HAL_SD_MspInit
                0x0800300c       0xe0 ./Application/User/sdio.o
                0x0800300c                HAL_SD_MspInit
 .text.HAL_MspInit
                0x080030ec       0x18 ./Application/User/stm32f4xx_hal_msp.o
                0x080030ec                HAL_MspInit
 .text.SysTick_Handler
                0x08003104        0xe ./Application/User/stm32f4xx_it.o
                0x08003104                SysTick_Handler
 *fill*         0x08003112        0x2 
 .text.DMA2_Stream3_IRQHandler
                0x08003114        0xc ./Application/User/stm32f4xx_it.o
                0x08003114                DMA2_Stream3_IRQHandler
 .text.DMA2_Stream6_IRQHandler
                0x08003120        0xc ./Application/User/stm32f4xx_it.o
                0x08003120                DMA2_Stream6_IRQHandler
 .text.MX_TIM2_Init
                0x0800312c       0x5c ./Application/User/tim.o
                0x0800312c                MX_TIM2_Init
 .text.MX_TIM6_Init
                0x08003188       0x30 ./Application/User/tim.o
                0x08003188                MX_TIM6_Init
 .text.HAL_TIM_Base_MspInit
                0x080031b8       0x6c ./Application/User/tim.o
                0x080031b8                HAL_TIM_Base_MspInit
 .text.Reset_Handler
                0x08003224       0x50 ./Application/SW4STM32/startup_stm32f407xx.o
                0x08003224                Reset_Handler
 .text.Default_Handler
                0x08003274        0x2 ./Application/SW4STM32/startup_stm32f407xx.o
                0x08003274                RTC_Alarm_IRQHandler
                0x08003274                HASH_RNG_IRQHandler
                0x08003274                EXTI2_IRQHandler
                0x08003274                TIM8_CC_IRQHandler
                0x08003274                DebugMon_Handler
                0x08003274                TIM1_CC_IRQHandler
                0x08003274                DMA2_Stream5_IRQHandler
                0x08003274                HardFault_Handler
                0x08003274                DMA1_Stream5_IRQHandler
                0x08003274                PVD_IRQHandler
                0x08003274                SDIO_IRQHandler
                0x08003274                TAMP_STAMP_IRQHandler
                0x08003274                PendSV_Handler
                0x08003274                NMI_Handler
                0x08003274                CAN2_RX1_IRQHandler
                0x08003274                EXTI3_IRQHandler
                0x08003274                TIM8_TRG_COM_TIM14_IRQHandler
                0x08003274                TIM1_UP_TIM10_IRQHandler
                0x08003274                TIM8_UP_TIM13_IRQHandler
                0x08003274                I2C3_ER_IRQHandler
                0x08003274                EXTI0_IRQHandler
                0x08003274                I2C2_EV_IRQHandler
                0x08003274                DMA1_Stream2_IRQHandler
                0x08003274                CAN1_RX0_IRQHandler
                0x08003274                FPU_IRQHandler
                0x08003274                OTG_HS_WKUP_IRQHandler
                0x08003274                UsageFault_Handler
                0x08003274                CAN2_SCE_IRQHandler
                0x08003274                DMA2_Stream2_IRQHandler
                0x08003274                SPI1_IRQHandler
                0x08003274                TIM6_DAC_IRQHandler
                0x08003274                TIM1_BRK_TIM9_IRQHandler
                0x08003274                DCMI_IRQHandler
                0x08003274                CAN2_RX0_IRQHandler
                0x08003274                USART6_IRQHandler
                0x08003274                USART3_IRQHandler
                0x08003274                CAN1_RX1_IRQHandler
                0x08003274                UART5_IRQHandler
                0x08003274                DMA2_Stream0_IRQHandler
                0x08003274                TIM4_IRQHandler
                0x08003274                I2C1_EV_IRQHandler
                0x08003274                DMA1_Stream6_IRQHandler
                0x08003274                DMA1_Stream1_IRQHandler
                0x08003274                UART4_IRQHandler
                0x08003274                TIM3_IRQHandler
                0x08003274                RCC_IRQHandler
                0x08003274                TIM8_BRK_TIM12_IRQHandler
                0x08003274                Default_Handler
                0x08003274                EXTI15_10_IRQHandler
                0x08003274                ADC_IRQHandler
                0x08003274                DMA1_Stream7_IRQHandler
                0x08003274                TIM7_IRQHandler
                0x08003274                CAN2_TX_IRQHandler
                0x08003274                TIM5_IRQHandler
                0x08003274                DMA2_Stream7_IRQHandler
                0x08003274                I2C3_EV_IRQHandler
                0x08003274                EXTI9_5_IRQHandler
                0x08003274                RTC_WKUP_IRQHandler
                0x08003274                ETH_WKUP_IRQHandler
                0x08003274                SPI2_IRQHandler
                0x08003274                OTG_HS_EP1_IN_IRQHandler
                0x08003274                MemManage_Handler
                0x08003274                DMA1_Stream0_IRQHandler
                0x08003274                CAN1_TX_IRQHandler
                0x08003274                SVC_Handler
                0x08003274                EXTI4_IRQHandler
                0x08003274                FSMC_IRQHandler
                0x08003274                ETH_IRQHandler
                0x08003274                OTG_HS_EP1_OUT_IRQHandler
                0x08003274                WWDG_IRQHandler
                0x08003274                TIM2_IRQHandler
                0x08003274                OTG_FS_WKUP_IRQHandler
                0x08003274                TIM1_TRG_COM_TIM11_IRQHandler
                0x08003274                OTG_HS_IRQHandler
                0x08003274                EXTI1_IRQHandler
                0x08003274                USART2_IRQHandler
                0x08003274                I2C2_ER_IRQHandler
                0x08003274                DMA2_Stream1_IRQHandler
                0x08003274                CAN1_SCE_IRQHandler
                0x08003274                FLASH_IRQHandler
                0x08003274                DMA2_Stream4_IRQHandler
                0x08003274                BusFault_Handler
                0x08003274                USART1_IRQHandler
                0x08003274                OTG_FS_IRQHandler
                0x08003274                SPI3_IRQHandler
                0x08003274                DMA1_Stream4_IRQHandler
                0x08003274                I2C1_ER_IRQHandler
                0x08003274                DMA1_Stream3_IRQHandler
 *fill*         0x08003276        0x2 
 .text.__libc_init_array
                0x08003278       0x4c c:/users/javier/documents/eclipse/plugins/fr.ac6.mcu.externaltools.arm-none.win32_1.2.0.201505291716/tools/compiler/bin/../lib/gcc/arm-none-eabi/4.9.3/../../../../arm-none-eabi/lib/armv7e-m/fpu\libc_nano.a(lib_a-init.o)
                0x08003278                __libc_init_array
 *(.glue_7)
 .glue_7        0x00000000        0x0 linker stubs
 *(.glue_7t)
 .glue_7t       0x00000000        0x0 linker stubs
 *(.eh_frame)
 .eh_frame      0x080032c4        0x0 c:/users/javier/documents/eclipse/plugins/fr.ac6.mcu.externaltools.arm-none.win32_1.2.0.201505291716/tools/compiler/bin/../lib/gcc/arm-none-eabi/4.9.3/armv7e-m/fpu/crtbegin.o
 *(.init)
 .init          0x080032c4        0x4 c:/users/javier/documents/eclipse/plugins/fr.ac6.mcu.externaltools.arm-none.win32_1.2.0.201505291716/tools/compiler/bin/../lib/gcc/arm-none-eabi/4.9.3/armv7e-m/fpu/crti.o
                0x080032c4                _init
 .init          0x080032c8        0x8 c:/users/javier/documents/eclipse/plugins/fr.ac6.mcu.externaltools.arm-none.win32_1.2.0.201505291716/tools/compiler/bin/../lib/gcc/arm-none-eabi/4.9.3/armv7e-m/fpu/crtn.o
 *(.fini)
 .fini          0x080032d0        0x4 c:/users/javier/documents/eclipse/plugins/fr.ac6.mcu.externaltools.arm-none.win32_1.2.0.201505291716/tools/compiler/bin/../lib/gcc/arm-none-eabi/4.9.3/armv7e-m/fpu/crti.o
                0x080032d0                _fini
 .fini          0x080032d4        0x8 c:/users/javier/documents/eclipse/plugins/fr.ac6.mcu.externaltools.arm-none.win32_1.2.0.201505291716/tools/compiler/bin/../lib/gcc/arm-none-eabi/4.9.3/armv7e-m/fpu/crtn.o
                0x080032dc                . = ALIGN (0x4)
                0x080032dc                _etext = .

.vfp11_veneer   0x080032dc        0x0
 .vfp11_veneer  0x00000000        0x0 linker stubs

.v4_bx          0x080032dc        0x0
 .v4_bx         0x00000000        0x0 linker stubs

.iplt           0x080032dc        0x0
 .iplt          0x00000000        0x0 c:/users/javier/documents/eclipse/plugins/fr.ac6.mcu.externaltools.arm-none.win32_1.2.0.201505291716/tools/compiler/bin/../lib/gcc/arm-none-eabi/4.9.3/armv7e-m/fpu/crtbegin.o

.rodata         0x080032dc       0x10
                0x080032dc                . = ALIGN (0x4)
 *(.rodata)
 .rodata        0x080032dc       0x10 ./Drivers/STM32F4xx_HAL_Driver/stm32f4xx_hal_rcc.o
                0x080032dc                APBAHBPrescTable
 *(.rodata*)
                0x080032ec                . = ALIGN (0x4)

.rel.dyn        0x080032ec        0x0
 .rel.iplt      0x00000000        0x0 c:/users/javier/documents/eclipse/plugins/fr.ac6.mcu.externaltools.arm-none.win32_1.2.0.201505291716/tools/compiler/bin/../lib/gcc/arm-none-eabi/4.9.3/armv7e-m/fpu/crtbegin.o

.ARM.extab
 *(.ARM.extab* .gnu.linkonce.armextab.*)

.ARM            0x080032ec        0x0
                0x080032ec                __exidx_start = .
 *(.ARM.exidx*)
                0x080032ec                __exidx_end = .

.preinit_array  0x080032ec        0x0
                0x080032ec                PROVIDE (__preinit_array_start, .)
 *(.preinit_array*)
                0x080032ec                PROVIDE (__preinit_array_end, .)

.init_array     0x080032ec        0x4
                0x080032ec                PROVIDE (__init_array_start, .)
 *(SORT(.init_array.*))
 *(.init_array*)
 .init_array    0x080032ec        0x4 c:/users/javier/documents/eclipse/plugins/fr.ac6.mcu.externaltools.arm-none.win32_1.2.0.201505291716/tools/compiler/bin/../lib/gcc/arm-none-eabi/4.9.3/armv7e-m/fpu/crtbegin.o
                0x080032f0                PROVIDE (__init_array_end, .)

.fini_array     0x080032f0        0x4
                0x080032f0                PROVIDE (__fini_array_start, .)
 *(SORT(.fini_array.*))
 *(.fini_array*)
 .fini_array    0x080032f0        0x4 c:/users/javier/documents/eclipse/plugins/fr.ac6.mcu.externaltools.arm-none.win32_1.2.0.201505291716/tools/compiler/bin/../lib/gcc/arm-none-eabi/4.9.3/armv7e-m/fpu/crtbegin.o
                0x080032f4                PROVIDE (__fini_array_end, .)
                0x080032f4                _sidata = LOADADDR (.data)

.data           0x20000000       0x1c load address 0x080032f4
                0x20000000                . = ALIGN (0x4)
                0x20000000                _sdata = .
 *(.data)
 .data          0x20000000       0x18 ./Middlewares/FatFs/sd_diskio.o
                0x20000004                SD_Driver
 .data          0x20000018        0x4 ./Drivers/CMSIS/system_stm32f4xx.o
                0x20000018                SystemCoreClock
 *(.data*)
                0x2000001c                . = ALIGN (0x4)
                0x2000001c                _edata = .
                0x08003310                _siccmram = LOADADDR (.ccmram)

.jcr            0x2000001c        0x0 load address 0x08003310
 .jcr           0x2000001c        0x0 c:/users/javier/documents/eclipse/plugins/fr.ac6.mcu.externaltools.arm-none.win32_1.2.0.201505291716/tools/compiler/bin/../lib/gcc/arm-none-eabi/4.9.3/armv7e-m/fpu/crtbegin.o

.igot.plt       0x2000001c        0x0 load address 0x08003310
 .igot.plt      0x00000000        0x0 c:/users/javier/documents/eclipse/plugins/fr.ac6.mcu.externaltools.arm-none.win32_1.2.0.201505291716/tools/compiler/bin/../lib/gcc/arm-none-eabi/4.9.3/armv7e-m/fpu/crtbegin.o

.ccmram         0x10000000        0x0 load address 0x08003310
                0x10000000                . = ALIGN (0x4)
                0x10000000                _sccmram = .
 *(.ccmram)
 *(.ccmram*)
                0x10000000                . = ALIGN (0x4)
                0x10000000                _eccmram = .
                0x10000000                . = ALIGN (0x4)

.bss            0x20000020      0x210
                0x20000020                _sbss = .
                0x20000020                __bss_start__ = _sbss
 *(.bss)
 .bss           0x20000020       0x1c c:/users/javier/documents/eclipse/plugins/fr.ac6.mcu.externaltools.arm-none.win32_1.2.0.201505291716/tools/compiler/bin/../lib/gcc/arm-none-eabi/4.9.3/armv7e-m/fpu/crtbegin.o
 .bss           0x2000003c        0xc ./Middlewares/FatFs/ff_gen_drv.o
                0x2000003c                disk
 .bss           0x20000048        0x4 ./Drivers/STM32F4xx_HAL_Driver/stm32f4xx_hal.o
 *(.bss*)
 *(COMMON)
 COMMON         0x2000004c        0x8 ./Application/User/crc.o
                0x2000004c                hcrc
 COMMON         0x20000054        0x5 ./Application/User/fatfs.o
                0x20000054                retSD
                0x20000055                SD_Path
 *fill*         0x20000059        0x7 
 COMMON         0x20000060      0x158 ./Application/User/sdio.o
                0x20000060                hdma_sdio_rx
                0x200000b0                SDCardInfo
                0x20000108                hdma_sdio_tx
                0x20000158                hsd
 COMMON         0x200001b8       0x78 ./Application/User/tim.o
                0x200001b8                htim6
                0x200001f4                htim2
                0x20000230                . = ALIGN (0x4)
                0x20000230                _ebss = .
                0x20000230                __bss_end__ = _ebss

._user_heap_stack
                0x20000230        0x0
                0x20000230                . = ALIGN (0x4)
                0x20000230                PROVIDE (end, .)
                0x20000230                PROVIDE (_end, .)
                0x20000230                . = (. + _Min_Heap_Size)
                0x20000230                . = (. + _Min_Stack_Size)
                0x20000230                . = ALIGN (0x4)

/DISCARD/
 libc.a(*)
 libm.a(*)
 libgcc.a(*)

.ARM.attributes
                0x00000000       0x30
 *(.ARM.attributes)
 .ARM.attributes
                0x00000000       0x22 c:/users/javier/documents/eclipse/plugins/fr.ac6.mcu.externaltools.arm-none.win32_1.2.0.201505291716/tools/compiler/bin/../lib/gcc/arm-none-eabi/4.9.3/armv7e-m/fpu/crti.o
 .ARM.attributes
                0x00000022       0x34 c:/users/javier/documents/eclipse/plugins/fr.ac6.mcu.externaltools.arm-none.win32_1.2.0.201505291716/tools/compiler/bin/../lib/gcc/arm-none-eabi/4.9.3/armv7e-m/fpu/crtbegin.o
 .ARM.attributes
                0x00000056       0x39 ./Middlewares/FatFs/ff_gen_drv.o
 .ARM.attributes
                0x0000008f       0x39 ./Middlewares/FatFs/sd_diskio.o
 .ARM.attributes
                0x000000c8       0x39 ./Drivers/STM32F4xx_HAL_Driver/stm32f4xx_hal.o
 .ARM.attributes
                0x00000101       0x39 ./Drivers/STM32F4xx_HAL_Driver/stm32f4xx_hal_cortex.o
 .ARM.attributes
                0x0000013a       0x39 ./Drivers/STM32F4xx_HAL_Driver/stm32f4xx_hal_crc.o
 .ARM.attributes
                0x00000173       0x39 ./Drivers/STM32F4xx_HAL_Driver/stm32f4xx_hal_dma.o
 .ARM.attributes
                0x000001ac       0x39 ./Drivers/STM32F4xx_HAL_Driver/stm32f4xx_hal_gpio.o
 .ARM.attributes
                0x000001e5       0x39 ./Drivers/STM32F4xx_HAL_Driver/stm32f4xx_hal_rcc.o
 .ARM.attributes
                0x0000021e       0x39 ./Drivers/STM32F4xx_HAL_Driver/stm32f4xx_hal_sd.o
 .ARM.attributes
                0x00000257       0x39 ./Drivers/STM32F4xx_HAL_Driver/stm32f4xx_hal_tim.o
 .ARM.attributes
                0x00000290       0x39 ./Drivers/STM32F4xx_HAL_Driver/stm32f4xx_hal_tim_ex.o
 .ARM.attributes
                0x000002c9       0x39 ./Drivers/STM32F4xx_HAL_Driver/stm32f4xx_ll_sdmmc.o
 .ARM.attributes
                0x00000302       0x39 ./Drivers/CMSIS/system_stm32f4xx.o
 .ARM.attributes
                0x0000033b       0x39 ./Application/User/bsp_driver_sd.o
 .ARM.attributes
                0x00000374       0x39 ./Application/User/crc.o
 .ARM.attributes
                0x000003ad       0x39 ./Application/User/dma.o
 .ARM.attributes
                0x000003e6       0x39 ./Application/User/fatfs.o
 .ARM.attributes
                0x0000041f       0x39 ./Application/User/gpio.o
 .ARM.attributes
                0x00000458       0x39 ./Application/User/main.o
 .ARM.attributes
                0x00000491       0x39 ./Application/User/sdio.o
 .ARM.attributes
                0x000004ca       0x39 ./Application/User/stm32f4xx_hal_msp.o
 .ARM.attributes
                0x00000503       0x39 ./Application/User/stm32f4xx_it.o
 .ARM.attributes
                0x0000053c       0x39 ./Application/User/tim.o
 .ARM.attributes
                0x00000575       0x21 ./Application/SW4STM32/startup_stm32f407xx.o
 .ARM.attributes
                0x00000596       0x34 c:/users/javier/documents/eclipse/plugins/fr.ac6.mcu.externaltools.arm-none.win32_1.2.0.201505291716/tools/compiler/bin/../lib/gcc/arm-none-eabi/4.9.3/../../../../arm-none-eabi/lib/armv7e-m/fpu\libc_nano.a(lib_a-init.o)
 .ARM.attributes
                0x000005ca       0x22 c:/users/javier/documents/eclipse/plugins/fr.ac6.mcu.externaltools.arm-none.win32_1.2.0.201505291716/tools/compiler/bin/../lib/gcc/arm-none-eabi/4.9.3/armv7e-m/fpu/crtn.o
OUTPUT(LaBola2 Configuration.elf elf32-littlearm)

.debug_info     0x00000000    0x107a5
 .debug_info    0x00000000      0x31f ./Middlewares/FatFs/ff_gen_drv.o
 .debug_info    0x0000031f      0x7a7 ./Middlewares/FatFs/sd_diskio.o
 .debug_info    0x00000ac6      0x9bf ./Drivers/STM32F4xx_HAL_Driver/stm32f4xx_hal.o
 .debug_info    0x00001485      0xccf ./Drivers/STM32F4xx_HAL_Driver/stm32f4xx_hal_cortex.o
 .debug_info    0x00002154      0x3a7 ./Drivers/STM32F4xx_HAL_Driver/stm32f4xx_hal_crc.o
 .debug_info    0x000024fb      0x720 ./Drivers/STM32F4xx_HAL_Driver/stm32f4xx_hal_dma.o
 .debug_info    0x00002c1b      0x70e ./Drivers/STM32F4xx_HAL_Driver/stm32f4xx_hal_gpio.o
 .debug_info    0x00003329     0x102c ./Drivers/STM32F4xx_HAL_Driver/stm32f4xx_hal_rcc.o
 .debug_info    0x00004355     0x299a ./Drivers/STM32F4xx_HAL_Driver/stm32f4xx_hal_sd.o
 .debug_info    0x00006cef     0x3400 ./Drivers/STM32F4xx_HAL_Driver/stm32f4xx_hal_tim.o
 .debug_info    0x0000a0ef     0x1269 ./Drivers/STM32F4xx_HAL_Driver/stm32f4xx_hal_tim_ex.o
 .debug_info    0x0000b358      0x606 ./Drivers/STM32F4xx_HAL_Driver/stm32f4xx_ll_sdmmc.o
 .debug_info    0x0000b95e      0x4a9 ./Drivers/CMSIS/system_stm32f4xx.o
 .debug_info    0x0000be07      0xf83 ./Application/User/bsp_driver_sd.o
 .debug_info    0x0000cd8a      0x461 ./Application/User/crc.o
 .debug_info    0x0000d1eb      0x55c ./Application/User/dma.o
 .debug_info    0x0000d747      0x27d ./Application/User/fatfs.o
 .debug_info    0x0000d9c4      0x64f ./Application/User/gpio.o
 .debug_info    0x0000e013      0x723 ./Application/User/main.o
 .debug_info    0x0000e736      0xcd9 ./Application/User/sdio.o
 .debug_info    0x0000f40f      0x361 ./Application/User/stm32f4xx_hal_msp.o
 .debug_info    0x0000f770      0x390 ./Application/User/stm32f4xx_it.o
 .debug_info    0x0000fb00      0xbc5 ./Application/User/tim.o
 .debug_info    0x000106c5       0xe0 ./Application/SW4STM32/startup_stm32f407xx.o

.debug_abbrev   0x00000000     0x2c73
 .debug_abbrev  0x00000000      0x169 ./Middlewares/FatFs/ff_gen_drv.o
 .debug_abbrev  0x00000169      0x225 ./Middlewares/FatFs/sd_diskio.o
 .debug_abbrev  0x0000038e      0x275 ./Drivers/STM32F4xx_HAL_Driver/stm32f4xx_hal.o
 .debug_abbrev  0x00000603      0x2e8 ./Drivers/STM32F4xx_HAL_Driver/stm32f4xx_hal_cortex.o
 .debug_abbrev  0x000008eb      0x179 ./Drivers/STM32F4xx_HAL_Driver/stm32f4xx_hal_crc.o
 .debug_abbrev  0x00000a64      0x217 ./Drivers/STM32F4xx_HAL_Driver/stm32f4xx_hal_dma.o
 .debug_abbrev  0x00000c7b      0x1c9 ./Drivers/STM32F4xx_HAL_Driver/stm32f4xx_hal_gpio.o
 .debug_abbrev  0x00000e44      0x2e7 ./Drivers/STM32F4xx_HAL_Driver/stm32f4xx_hal_rcc.o
 .debug_abbrev  0x0000112b      0x35f ./Drivers/STM32F4xx_HAL_Driver/stm32f4xx_hal_sd.o
 .debug_abbrev  0x0000148a      0x318 ./Drivers/STM32F4xx_HAL_Driver/stm32f4xx_hal_tim.o
 .debug_abbrev  0x000017a2      0x22c ./Drivers/STM32F4xx_HAL_Driver/stm32f4xx_hal_tim_ex.o
 .debug_abbrev  0x000019ce      0x17f ./Drivers/STM32F4xx_HAL_Driver/stm32f4xx_ll_sdmmc.o
 .debug_abbrev  0x00001b4d      0x104 ./Drivers/CMSIS/system_stm32f4xx.o
 .debug_abbrev  0x00001c51      0x2ea ./Application/User/bsp_driver_sd.o
 .debug_abbrev  0x00001f3b      0x15d ./Application/User/crc.o
 .debug_abbrev  0x00002098      0x133 ./Application/User/dma.o
 .debug_abbrev  0x000021cb      0x12e ./Application/User/fatfs.o
 .debug_abbrev  0x000022f9      0x14b ./Application/User/gpio.o
 .debug_abbrev  0x00002444      0x1fc ./Application/User/main.o
 .debug_abbrev  0x00002640      0x206 ./Application/User/sdio.o
 .debug_abbrev  0x00002846       0xd4 ./Application/User/stm32f4xx_hal_msp.o
 .debug_abbrev  0x0000291a      0x151 ./Application/User/stm32f4xx_it.o
 .debug_abbrev  0x00002a6b      0x1f6 ./Application/User/tim.o
 .debug_abbrev  0x00002c61       0x12 ./Application/SW4STM32/startup_stm32f407xx.o

.debug_loc      0x00000000     0x7b95
 .debug_loc     0x00000000      0x183 ./Middlewares/FatFs/ff_gen_drv.o
 .debug_loc     0x00000183      0x29e ./Middlewares/FatFs/sd_diskio.o
 .debug_loc     0x00000421       0xa8 ./Drivers/STM32F4xx_HAL_Driver/stm32f4xx_hal.o
 .debug_loc     0x000004c9      0x31e ./Drivers/STM32F4xx_HAL_Driver/stm32f4xx_hal_cortex.o
 .debug_loc     0x000007e7      0x1ed ./Drivers/STM32F4xx_HAL_Driver/stm32f4xx_hal_crc.o
 .debug_loc     0x000009d4      0x55e ./Drivers/STM32F4xx_HAL_Driver/stm32f4xx_hal_dma.o
 .debug_loc     0x00000f32      0x3b7 ./Drivers/STM32F4xx_HAL_Driver/stm32f4xx_hal_gpio.o
 .debug_loc     0x000012e9      0x77b ./Drivers/STM32F4xx_HAL_Driver/stm32f4xx_hal_rcc.o
 .debug_loc     0x00001a64     0x1ca0 ./Drivers/STM32F4xx_HAL_Driver/stm32f4xx_hal_sd.o
 .debug_loc     0x00003704     0x32b8 ./Drivers/STM32F4xx_HAL_Driver/stm32f4xx_hal_tim.o
 .debug_loc     0x000069bc      0xa3d ./Drivers/STM32F4xx_HAL_Driver/stm32f4xx_hal_tim_ex.o
 .debug_loc     0x000073f9      0x2da ./Drivers/STM32F4xx_HAL_Driver/stm32f4xx_ll_sdmmc.o
 .debug_loc     0x000076d3       0xda ./Drivers/CMSIS/system_stm32f4xx.o
 .debug_loc     0x000077ad      0x31f ./Application/User/bsp_driver_sd.o
 .debug_loc     0x00007acc       0x63 ./Application/User/sdio.o
 .debug_loc     0x00007b2f       0x66 ./Application/User/tim.o

.debug_aranges  0x00000000      0xbb0
 .debug_aranges
                0x00000000       0x30 ./Middlewares/FatFs/ff_gen_drv.o
 .debug_aranges
                0x00000030       0x40 ./Middlewares/FatFs/sd_diskio.o
 .debug_aranges
                0x00000070       0xc0 ./Drivers/STM32F4xx_HAL_Driver/stm32f4xx_hal.o
 .debug_aranges
                0x00000130       0x90 ./Drivers/STM32F4xx_HAL_Driver/stm32f4xx_hal_cortex.o
 .debug_aranges
                0x000001c0       0x50 ./Drivers/STM32F4xx_HAL_Driver/stm32f4xx_hal_crc.o
 .debug_aranges
                0x00000210       0x60 ./Drivers/STM32F4xx_HAL_Driver/stm32f4xx_hal_dma.o
 .debug_aranges
                0x00000270       0x58 ./Drivers/STM32F4xx_HAL_Driver/stm32f4xx_hal_gpio.o
 .debug_aranges
                0x000002c8       0x88 ./Drivers/STM32F4xx_HAL_Driver/stm32f4xx_hal_rcc.o
 .debug_aranges
                0x00000350      0x120 ./Drivers/STM32F4xx_HAL_Driver/stm32f4xx_hal_sd.o
 .debug_aranges
                0x00000470      0x330 ./Drivers/STM32F4xx_HAL_Driver/stm32f4xx_hal_tim.o
 .debug_aranges
                0x000007a0      0x140 ./Drivers/STM32F4xx_HAL_Driver/stm32f4xx_hal_tim_ex.o
 .debug_aranges
                0x000008e0       0x80 ./Drivers/STM32F4xx_HAL_Driver/stm32f4xx_ll_sdmmc.o
 .debug_aranges
                0x00000960       0x28 ./Drivers/CMSIS/system_stm32f4xx.o
 .debug_aranges
                0x00000988       0x90 ./Application/User/bsp_driver_sd.o
 .debug_aranges
                0x00000a18       0x30 ./Application/User/crc.o
 .debug_aranges
                0x00000a48       0x20 ./Application/User/dma.o
 .debug_aranges
                0x00000a68       0x20 ./Application/User/fatfs.o
 .debug_aranges
                0x00000a88       0x20 ./Application/User/gpio.o
 .debug_aranges
                0x00000aa8       0x28 ./Application/User/main.o
 .debug_aranges
                0x00000ad0       0x30 ./Application/User/sdio.o
 .debug_aranges
                0x00000b00       0x20 ./Application/User/stm32f4xx_hal_msp.o
 .debug_aranges
                0x00000b20       0x30 ./Application/User/stm32f4xx_it.o
 .debug_aranges
                0x00000b50       0x38 ./Application/User/tim.o
 .debug_aranges
                0x00000b88       0x28 ./Application/SW4STM32/startup_stm32f407xx.o

.debug_ranges   0x00000000      0xd70
 .debug_ranges  0x00000000       0x20 ./Middlewares/FatFs/ff_gen_drv.o
 .debug_ranges  0x00000020       0x30 ./Middlewares/FatFs/sd_diskio.o
 .debug_ranges  0x00000050       0xb0 ./Drivers/STM32F4xx_HAL_Driver/stm32f4xx_hal.o
 .debug_ranges  0x00000100      0x118 ./Drivers/STM32F4xx_HAL_Driver/stm32f4xx_hal_cortex.o
 .debug_ranges  0x00000218       0x40 ./Drivers/STM32F4xx_HAL_Driver/stm32f4xx_hal_crc.o
 .debug_ranges  0x00000258       0x50 ./Drivers/STM32F4xx_HAL_Driver/stm32f4xx_hal_dma.o
 .debug_ranges  0x000002a8       0x60 ./Drivers/STM32F4xx_HAL_Driver/stm32f4xx_hal_gpio.o
 .debug_ranges  0x00000308       0xc8 ./Drivers/STM32F4xx_HAL_Driver/stm32f4xx_hal_rcc.o
 .debug_ranges  0x000003d0      0x1c8 ./Drivers/STM32F4xx_HAL_Driver/stm32f4xx_hal_sd.o
 .debug_ranges  0x00000598      0x3c8 ./Drivers/STM32F4xx_HAL_Driver/stm32f4xx_hal_tim.o
 .debug_ranges  0x00000960      0x130 ./Drivers/STM32F4xx_HAL_Driver/stm32f4xx_hal_tim_ex.o
 .debug_ranges  0x00000a90       0x70 ./Drivers/STM32F4xx_HAL_Driver/stm32f4xx_ll_sdmmc.o
 .debug_ranges  0x00000b00       0x18 ./Drivers/CMSIS/system_stm32f4xx.o
 .debug_ranges  0x00000b18       0x80 ./Application/User/bsp_driver_sd.o
 .debug_ranges  0x00000b98       0x20 ./Application/User/crc.o
 .debug_ranges  0x00000bb8       0x40 ./Application/User/dma.o
 .debug_ranges  0x00000bf8       0x10 ./Application/User/fatfs.o
 .debug_ranges  0x00000c08       0x50 ./Application/User/gpio.o
 .debug_ranges  0x00000c58       0x38 ./Application/User/main.o
 .debug_ranges  0x00000c90       0x50 ./Application/User/sdio.o
 .debug_ranges  0x00000ce0       0x10 ./Application/User/stm32f4xx_hal_msp.o
 .debug_ranges  0x00000cf0       0x20 ./Application/User/stm32f4xx_it.o
 .debug_ranges  0x00000d10       0x40 ./Application/User/tim.o
 .debug_ranges  0x00000d50       0x20 ./Application/SW4STM32/startup_stm32f407xx.o

.debug_macro    0x00000000     0x407c
 .debug_macro   0x00000000      0x2d1 ./Middlewares/FatFs/ff_gen_drv.o
 .debug_macro   0x000002d1      0x2e8 ./Middlewares/FatFs/sd_diskio.o
 .debug_macro   0x000005b9      0x166 ./Middlewares/FatFs/sd_diskio.o
 .debug_macro   0x0000071f       0x4a ./Middlewares/FatFs/sd_diskio.o
 .debug_macro   0x00000769       0x10 ./Middlewares/FatFs/sd_diskio.o
 .debug_macro   0x00000779       0x35 ./Middlewares/FatFs/sd_diskio.o
 .debug_macro   0x000007ae       0x1c ./Middlewares/FatFs/sd_diskio.o
 .debug_macro   0x000007ca      0x2d6 ./Drivers/STM32F4xx_HAL_Driver/stm32f4xx_hal.o
 .debug_macro   0x00000aa0      0x288 ./Drivers/STM32F4xx_HAL_Driver/stm32f4xx_hal_cortex.o
 .debug_macro   0x00000d28      0x288 ./Drivers/STM32F4xx_HAL_Driver/stm32f4xx_hal_crc.o
 .debug_macro   0x00000fb0      0x28f ./Drivers/STM32F4xx_HAL_Driver/stm32f4xx_hal_dma.o
 .debug_macro   0x0000123f      0x2c0 ./Drivers/STM32F4xx_HAL_Driver/stm32f4xx_hal_gpio.o
 .debug_macro   0x000014ff      0x2b2 ./Drivers/STM32F4xx_HAL_Driver/stm32f4xx_hal_rcc.o
 .debug_macro   0x000017b1      0x3d2 ./Drivers/STM32F4xx_HAL_Driver/stm32f4xx_hal_sd.o
 .debug_macro   0x00001b83      0x289 ./Drivers/STM32F4xx_HAL_Driver/stm32f4xx_hal_tim.o
 .debug_macro   0x00001e0c      0x288 ./Drivers/STM32F4xx_HAL_Driver/stm32f4xx_hal_tim_ex.o
 .debug_macro   0x00002094      0x289 ./Drivers/STM32F4xx_HAL_Driver/stm32f4xx_ll_sdmmc.o
 .debug_macro   0x0000231d      0x28e ./Drivers/CMSIS/system_stm32f4xx.o
 .debug_macro   0x000025ab      0x29d ./Application/User/bsp_driver_sd.o
 .debug_macro   0x00002848       0x28 ./Application/User/bsp_driver_sd.o
 .debug_macro   0x00002870      0x292 ./Application/User/crc.o
 .debug_macro   0x00002b02      0x292 ./Application/User/dma.o
 .debug_macro   0x00002d94      0x2e4 ./Application/User/fatfs.o
 .debug_macro   0x00003078      0x292 ./Application/User/gpio.o
 .debug_macro   0x0000330a      0x316 ./Application/User/main.o
 .debug_macro   0x00003620      0x2a6 ./Application/User/sdio.o
 .debug_macro   0x000038c6      0x288 ./Application/User/stm32f4xx_hal_msp.o
 .debug_macro   0x00003b4e      0x292 ./Application/User/stm32f4xx_it.o
 .debug_macro   0x00003de0      0x29c ./Application/User/tim.o

.debug_line     0x00000000     0xdf9a
 .debug_line    0x00000000      0x77d ./Middlewares/FatFs/ff_gen_drv.o
 .debug_line    0x0000077d      0x7f2 ./Middlewares/FatFs/sd_diskio.o
 .debug_line    0x00000f6f      0x882 ./Drivers/STM32F4xx_HAL_Driver/stm32f4xx_hal.o
 .debug_line    0x000017f1      0x8a6 ./Drivers/STM32F4xx_HAL_Driver/stm32f4xx_hal_cortex.o
 .debug_line    0x00002097      0x7c1 ./Drivers/STM32F4xx_HAL_Driver/stm32f4xx_hal_crc.o
 .debug_line    0x00002858     0x166b ./Drivers/STM32F4xx_HAL_Driver/stm32f4xx_hal_dma.o
 .debug_line    0x00003ec3      0x8b0 ./Drivers/STM32F4xx_HAL_Driver/stm32f4xx_hal_gpio.o
 .debug_line    0x00004773      0xa22 ./Drivers/STM32F4xx_HAL_Driver/stm32f4xx_hal_rcc.o
 .debug_line    0x00005195     0x100a ./Drivers/STM32F4xx_HAL_Driver/stm32f4xx_hal_sd.o
 .debug_line    0x0000619f     0x17b5 ./Drivers/STM32F4xx_HAL_Driver/stm32f4xx_hal_tim.o
 .debug_line    0x00007954      0xca7 ./Drivers/STM32F4xx_HAL_Driver/stm32f4xx_hal_tim_ex.o
 .debug_line    0x000085fb      0x808 ./Drivers/STM32F4xx_HAL_Driver/stm32f4xx_ll_sdmmc.o
 .debug_line    0x00008e03      0x736 ./Drivers/CMSIS/system_stm32f4xx.o
 .debug_line    0x00009539      0x7f9 ./Application/User/bsp_driver_sd.o
 .debug_line    0x00009d32      0x6f9 ./Application/User/crc.o
 .debug_line    0x0000a42b      0x6df ./Application/User/dma.o
 .debug_line    0x0000ab0a      0x793 ./Application/User/fatfs.o
 .debug_line    0x0000b29d      0x77d ./Application/User/gpio.o
 .debug_line    0x0000ba1a      0x808 ./Application/User/main.o
 .debug_line    0x0000c222      0x77a ./Application/User/sdio.o
 .debug_line    0x0000c99c      0x6da ./Application/User/stm32f4xx_hal_msp.o
 .debug_line    0x0000d076      0x708 ./Application/User/stm32f4xx_it.o
 .debug_line    0x0000d77e      0x74c ./Application/User/tim.o
 .debug_line    0x0000deca       0xd0 ./Application/SW4STM32/startup_stm32f407xx.o

.debug_str      0x00000000    0x77649
 .debug_str     0x00000000    0x72a18 ./Middlewares/FatFs/ff_gen_drv.o
                              0x72cb1 (size before relaxing)
 .debug_str     0x00072a18      0x404 ./Middlewares/FatFs/sd_diskio.o
                              0x7302c (size before relaxing)
 .debug_str     0x00072e1c      0xb1e ./Drivers/STM32F4xx_HAL_Driver/stm32f4xx_hal.o
                              0x72fc6 (size before relaxing)
 .debug_str     0x0007393a      0x2c1 ./Drivers/STM32F4xx_HAL_Driver/stm32f4xx_hal_cortex.o
                              0x72d00 (size before relaxing)
 .debug_str     0x00073bfb      0x1b7 ./Drivers/STM32F4xx_HAL_Driver/stm32f4xx_hal_crc.o
                              0x725ce (size before relaxing)
 .debug_str     0x00073db2      0x3c1 ./Drivers/STM32F4xx_HAL_Driver/stm32f4xx_hal_dma.o
                              0x7283b (size before relaxing)
 .debug_str     0x00074173      0x2f6 ./Drivers/STM32F4xx_HAL_Driver/stm32f4xx_hal_gpio.o
                              0x72825 (size before relaxing)
 .debug_str     0x00074469      0x3bf ./Drivers/STM32F4xx_HAL_Driver/stm32f4xx_hal_rcc.o
                              0x729d0 (size before relaxing)
 .debug_str     0x00074828     0x1483 ./Drivers/STM32F4xx_HAL_Driver/stm32f4xx_hal_sd.o
                              0x73f28 (size before relaxing)
 .debug_str     0x00075cab      0xeaa ./Drivers/STM32F4xx_HAL_Driver/stm32f4xx_hal_tim.o
                              0x73606 (size before relaxing)
 .debug_str     0x00076b55      0x50e ./Drivers/STM32F4xx_HAL_Driver/stm32f4xx_hal_tim_ex.o
                              0x72ebe (size before relaxing)
 .debug_str     0x00077063       0xee ./Drivers/STM32F4xx_HAL_Driver/stm32f4xx_ll_sdmmc.o
                              0x726f9 (size before relaxing)
 .debug_str     0x00077151       0xab ./Drivers/CMSIS/system_stm32f4xx.o
                              0x725d6 (size before relaxing)
 .debug_str     0x000771fc      0x132 ./Application/User/bsp_driver_sd.o
                              0x7311b (size before relaxing)
 .debug_str     0x0007732e       0x44 ./Application/User/crc.o
                              0x72647 (size before relaxing)
 .debug_str     0x00077372       0x44 ./Application/User/dma.o
                              0x72a06 (size before relaxing)
 .debug_str     0x000773b6       0x67 ./Application/User/fatfs.o
                              0x72c6e (size before relaxing)
 .debug_str     0x0007741d       0x47 ./Application/User/gpio.o
                              0x72585 (size before relaxing)
 .debug_str     0x00077464       0x85 ./Application/User/main.o
                              0x72f96 (size before relaxing)
 .debug_str     0x000774e9       0x4a ./Application/User/sdio.o
                              0x72c97 (size before relaxing)
 .debug_str     0x00077533       0x3d ./Application/User/stm32f4xx_hal_msp.o
                              0x72912 (size before relaxing)
 .debug_str     0x00077570       0x8a ./Application/User/stm32f4xx_it.o
                              0x72703 (size before relaxing)
 .debug_str     0x000775fa       0x4f ./Application/User/tim.o
                              0x72bf8 (size before relaxing)

.comment        0x00000000       0x70
 .comment       0x00000000       0x70 ./Middlewares/FatFs/ff_gen_drv.o
                                 0x71 (size before relaxing)
 .comment       0x00000000       0x71 ./Middlewares/FatFs/sd_diskio.o
 .comment       0x00000000       0x71 ./Drivers/STM32F4xx_HAL_Driver/stm32f4xx_hal.o
 .comment       0x00000000       0x71 ./Drivers/STM32F4xx_HAL_Driver/stm32f4xx_hal_cortex.o
 .comment       0x00000000       0x71 ./Drivers/STM32F4xx_HAL_Driver/stm32f4xx_hal_crc.o
 .comment       0x00000000       0x71 ./Drivers/STM32F4xx_HAL_Driver/stm32f4xx_hal_dma.o
 .comment       0x00000000       0x71 ./Drivers/STM32F4xx_HAL_Driver/stm32f4xx_hal_gpio.o
 .comment       0x00000000       0x71 ./Drivers/STM32F4xx_HAL_Driver/stm32f4xx_hal_rcc.o
 .comment       0x00000000       0x71 ./Drivers/STM32F4xx_HAL_Driver/stm32f4xx_hal_sd.o
 .comment       0x00000000       0x71 ./Drivers/STM32F4xx_HAL_Driver/stm32f4xx_hal_tim.o
 .comment       0x00000000       0x71 ./Drivers/STM32F4xx_HAL_Driver/stm32f4xx_hal_tim_ex.o
 .comment       0x00000000       0x71 ./Drivers/STM32F4xx_HAL_Driver/stm32f4xx_ll_sdmmc.o
 .comment       0x00000000       0x71 ./Drivers/CMSIS/system_stm32f4xx.o
 .comment       0x00000000       0x71 ./Application/User/bsp_driver_sd.o
 .comment       0x00000000       0x71 ./Application/User/crc.o
 .comment       0x00000000       0x71 ./Application/User/dma.o
 .comment       0x00000000       0x71 ./Application/User/fatfs.o
 .comment       0x00000000       0x71 ./Application/User/gpio.o
 .comment       0x00000000       0x71 ./Application/User/main.o
 .comment       0x00000000       0x71 ./Application/User/sdio.o
 .comment       0x00000000       0x71 ./Application/User/stm32f4xx_hal_msp.o
 .comment       0x00000000       0x71 ./Application/User/stm32f4xx_it.o
 .comment       0x00000000       0x71 ./Application/User/tim.o

.debug_frame    0x00000000     0x1c0c
 .debug_frame   0x00000000       0x48 ./Middlewares/FatFs/ff_gen_drv.o
 .debug_frame   0x00000048       0x90 ./Middlewares/FatFs/sd_diskio.o
 .debug_frame   0x000000d8      0x184 ./Drivers/STM32F4xx_HAL_Driver/stm32f4xx_hal.o
 .debug_frame   0x0000025c      0x124 ./Drivers/STM32F4xx_HAL_Driver/stm32f4xx_hal_cortex.o
 .debug_frame   0x00000380       0xa0 ./Drivers/STM32F4xx_HAL_Driver/stm32f4xx_hal_crc.o
 .debug_frame   0x00000420      0x104 ./Drivers/STM32F4xx_HAL_Driver/stm32f4xx_hal_dma.o
 .debug_frame   0x00000524       0xc4 ./Drivers/STM32F4xx_HAL_Driver/stm32f4xx_hal_gpio.o
 .debug_frame   0x000005e8      0x158 ./Drivers/STM32F4xx_HAL_Driver/stm32f4xx_hal_rcc.o
 .debug_frame   0x00000740      0x3bc ./Drivers/STM32F4xx_HAL_Driver/stm32f4xx_hal_sd.o
 .debug_frame   0x00000afc      0x88c ./Drivers/STM32F4xx_HAL_Driver/stm32f4xx_hal_tim.o
 .debug_frame   0x00001388      0x370 ./Drivers/STM32F4xx_HAL_Driver/stm32f4xx_hal_tim_ex.o
 .debug_frame   0x000016f8      0x10c ./Drivers/STM32F4xx_HAL_Driver/stm32f4xx_ll_sdmmc.o
 .debug_frame   0x00001804       0x30 ./Drivers/CMSIS/system_stm32f4xx.o
 .debug_frame   0x00001834      0x13c ./Application/User/bsp_driver_sd.o
 .debug_frame   0x00001970       0x48 ./Application/User/crc.o
 .debug_frame   0x000019b8       0x28 ./Application/User/dma.o
 .debug_frame   0x000019e0       0x28 ./Application/User/fatfs.o
 .debug_frame   0x00001a08       0x3c ./Application/User/gpio.o
 .debug_frame   0x00001a44       0x48 ./Application/User/main.o
 .debug_frame   0x00001a8c       0x68 ./Application/User/sdio.o
 .debug_frame   0x00001af4       0x2c ./Application/User/stm32f4xx_hal_msp.o
 .debug_frame   0x00001b20       0x4c ./Application/User/stm32f4xx_it.o
 .debug_frame   0x00001b6c       0x74 ./Application/User/tim.o
 .debug_frame   0x00001be0       0x2c c:/users/javier/documents/eclipse/plugins/fr.ac6.mcu.externaltools.arm-none.win32_1.2.0.201505291716/tools/compiler/bin/../lib/gcc/arm-none-eabi/4.9.3/../../../../arm-none-eabi/lib/armv7e-m/fpu\libc_nano.a(lib_a-init.o)
