20:33:15 **** Incremental Build of configuration Debug for project LaBola2 Configuration ****
make all 
'Building file: C:/Users/Javier/EclipseSTM32/LaBola2/Src/main.c'
'Invoking: MCU GCC Compiler'
arm-none-eabi-gcc -mcpu=cortex-m4 -mthumb -mfloat-abi=hard -mfpu=fpv4-sp-d16 -D__weak=__attribute__((weak)) -D__packed=__attribute__((__packed__)) -DUSE_HAL_DRIVER -DSTM32F407xx -I..\..\..\Inc -I..\..\..\Drivers\STM32F4xx_HAL_Driver\Inc -I..\..\..\Drivers\STM32F4xx_HAL_Driver\Inc\Legacy -I..\..\..\Middlewares\Third_Party\FatFs\src\drivers -I..\..\..\Middlewares\Third_Party\FatFs\src -I..\..\..\Drivers\CMSIS\Include -I..\..\..\Drivers\CMSIS\Device\ST\STM32F4xx\Include -Os -g3 -Wall -fmessage-length=0 -ffunction-sections -c -MMD -MP -MF"Application/User/main.d" -MT"Application/User/main.o" -o "Application/User/main.o" "C:/Users/Javier/EclipseSTM32/LaBola2/Src/main.c"
'Finished building: C:/Users/Javier/EclipseSTM32/LaBola2/Src/main.c'
' '
'Building target: LaBola2 Configuration.elf'
'Invoking: MCU GCC Linker'
arm-none-eabi-gcc -mcpu=cortex-m4 -mthumb -mfloat-abi=hard -mfpu=fpv4-sp-d16 -specs=nosys.specs -specs=nano.specs -T"..\STM32F407VGTx_FLASH.ld" -Wl,-Map=output.map -Wl,--gc-sections -lm -o "LaBola2 Configuration.elf"  ./Middlewares/FatFs/ccsbcs.o ./Middlewares/FatFs/diskio.o ./Middlewares/FatFs/ff.o ./Middlewares/FatFs/ff_gen_drv.o ./Middlewares/FatFs/sd_diskio.o ./Middlewares/FatFs/syscall.o  ./Drivers/STM32F4xx_HAL_Driver/stm32f4xx_hal.o ./Drivers/STM32F4xx_HAL_Driver/stm32f4xx_hal_cortex.o ./Drivers/STM32F4xx_HAL_Driver/stm32f4xx_hal_crc.o ./Drivers/STM32F4xx_HAL_Driver/stm32f4xx_hal_dma.o ./Drivers/STM32F4xx_HAL_Driver/stm32f4xx_hal_dma_ex.o ./Drivers/STM32F4xx_HAL_Driver/stm32f4xx_hal_flash.o ./Drivers/STM32F4xx_HAL_Driver/stm32f4xx_hal_flash_ex.o ./Drivers/STM32F4xx_HAL_Driver/stm32f4xx_hal_flash_ramfunc.o ./Drivers/STM32F4xx_HAL_Driver/stm32f4xx_hal_gpio.o ./Drivers/STM32F4xx_HAL_Driver/stm32f4xx_hal_pwr.o ./Drivers/STM32F4xx_HAL_Driver/stm32f4xx_hal_pwr_ex.o ./Drivers/STM32F4xx_HAL_Driver/stm32f4xx_hal_rcc.o ./Drivers/STM32F4xx_HAL_Driver/stm32f4xx_hal_rcc_ex.o ./Drivers/STM32F4xx_HAL_Driver/stm32f4xx_hal_sd.o ./Drivers/STM32F4xx_HAL_Driver/stm32f4xx_hal_tim.o ./Drivers/STM32F4xx_HAL_Driver/stm32f4xx_hal_tim_ex.o ./Drivers/STM32F4xx_HAL_Driver/stm32f4xx_ll_sdmmc.o  ./Drivers/CMSIS/system_stm32f4xx.o  ./Application/User/bsp_driver_sd.o ./Application/User/crc.o ./Application/User/dma.o ./Application/User/fatfs.o ./Application/User/gpio.o ./Application/User/main.o ./Application/User/sdio.o ./Application/User/stm32f4xx_hal_msp.o ./Application/User/stm32f4xx_it.o ./Application/User/tim.o  ./Application/SW4STM32/startup_stm32f407xx.o   
'Finished building target: LaBola2 Configuration.elf'
' '
make --no-print-directory post-build
'Generating binary and Printing size information:'
arm-none-eabi-objcopy -O binary "LaBola2 Configuration.elf" "LaBola2 Configuration.bin" && arm-none-eabi-size "LaBola2 Configuration.elf"
   text	   data	    bss	    dec	    hex	filename
  13036	     36	    528	  13600	   3520	LaBola2 Configuration.elf
' '

20:33:16 Build Finished (took 1s.787ms)

